@Finset.sum_Ico_eq_sum_range : ∀ {M : Type u_1} [inst : AddCommMonoid M] (f : ℕ → M) (m n : ℕ),
  ∑ k ∈ Finset.Ico m n, f k = ∑ k ∈ Finset.range (n - m), f (m + k)
@Finset.sum_range_reflect : ∀ {M : Type u_1} [inst : AddCommMonoid M] (f : ℕ → M) (n : ℕ),
  ∑ j ∈ Finset.range n, f (n - 1 - j) = ∑ j ∈ Finset.range n, f j
@Finset.sum_congr : ∀ {ι : Type u_1} {M : Type u_2} {s₁ s₂ : Finset ι} [inst : AddCommMonoid M] {f g : ι → M},
  s₁ = s₂ → (∀ x ∈ s₂, f x = g x) → s₁.sum f = s₂.sum g
@Finset.mem_Ico : ∀ {α : Type u_1} [inst : Preorder α] [inst_1 : LocallyFiniteOrder α] {a b x : α},
  x ∈ Finset.Ico a b ↔ a ≤ x ∧ x < b
@Finset.mem_range : ∀ {n m : ℕ}, m ∈ Finset.range n ↔ m < n
Nat.descFactorial : ℕ → ℕ → ℕ
Nat.descFactorial_succ : ∀ (n k : ℕ), n.descFactorial (k + 1) = (n - k) * n.descFactorial k
@Polynomial.derivative : {R : Type u_1} → [inst : Semiring R] → Polynomial R →ₗ[R] Polynomial R
B/Basic.lean:54:4: error: omega could not prove the goal:
a possible counterexample may satisfy the constraints
  0 ≤ d ≤ 1
  c ≥ 0
  b ≥ 0
  b - c ≥ -1
  b - c + d ≤ -1
where
 b := ↑n
 c := ↑k
 d := ↑m
B/Basic.lean:83:6: error: Tactic `rewrite` failed: Did not find an occurrence of the pattern
  m - 1 - (m - k - 1 - i)
in the target expression
  ↑((k + (m - k - 1 - i)).descFactorial k) * h ^ (m - 1 - (k + (m - k - 1 - i))) * x ^ (k + (m - k - 1 - i) - k) =
    ↑((m - 1 - i).descFactorial k) * h ^ i * x ^ (m - 1 - k - i)

m k : ℕ
hk : 1 ≤ k
hkm : k ≤ m - 1
x h : ℤ
i : ℕ
hi : i < m - k
e1 : m - 1 - (m - k - 1 - i) = k + i
e2 : m - 1 - (k + i) = m - k - 1 - i
e3 : m - 1 - k - (m - k - 1 - i) = k + i - k
⊢ ↑((k + (m - k - 1 - i)).descFactorial k) * h ^ (m - 1 - (k + (m - k - 1 - i))) * x ^ (k + (m - k - 1 - i) - k) =
    ↑((m - 1 - i).descFactorial k) * h ^ i * x ^ (m - 1 - k - i)
