inferInstance : DecompositionMonoid ℚ[X]
inferInstance : UniqueFactorizationMonoid ℤ[X]
@coeff_sub : ∀ {R : Type u_1} [inst : Ring R] (p q : R[X]) (n : ℕ), (p - q).coeff n = p.coeff n - q.coeff n
@sub_eq_add_neg : ∀ {G : Type u_1} [inst : SubNegMonoid G] (a b : G), a - b = a + -b
@neg_neg : ∀ {G : Type u_1} [inst : InvolutiveNeg G] (a : G), - -a = a
Nat.choose_zero_right : ∀ (n : ℕ), n.choose 0 = 1
@eval_dvd : ∀ {R : Type u_1} [inst : CommSemiring R] {p q : R[X]} {x : R}, p ∣ q → eval x p ∣ eval x q
@Nat.choose_eq_zero_of_lt : ∀ {n k : ℕ}, n < k → n.choose k = 0
CJ/Basic.lean:123:63: warning: `if_true` has been deprecated: Use `ite_true` instead

Hint: Replace the deprecated name:
  i̵f̵_̵t̵r̵u̵e̵i̲t̲e̲_̲t̲r̲u̲e̲
CJ/Basic.lean:123:72: warning: `if_false` has been deprecated: Use `ite_false` instead

Hint: Replace the deprecated name:
  i̵f̵_̵f̵a̵l̵s̵e̵i̲t̲e̲_̲f̲a̲l̲s̲e̲
CJ/Basic.lean:129:8: warning: `if_true` has been deprecated: Use `ite_true` instead

Hint: Replace the deprecated name:
  i̵f̵_̵t̵r̵u̵e̵i̲t̲e̲_̲t̲r̲u̲e̲
CJ/Basic.lean:129:17: warning: `if_false` has been deprecated: Use `ite_false` instead

Hint: Replace the deprecated name:
  i̵f̵_̵f̵a̵l̵s̵e̵i̲t̲e̲_̲f̲a̲l̲s̲e̲
CJ/Basic.lean:132:61: warning: `if_true` has been deprecated: Use `ite_true` instead

Hint: Replace the deprecated name:
  i̵f̵_̵t̵r̵u̵e̵i̲t̲e̲_̲t̲r̲u̲e̲
CJ/Basic.lean:132:70: warning: `if_false` has been deprecated: Use `ite_false` instead

Hint: Replace the deprecated name:
  i̵f̵_̵f̵a̵l̵s̵e̵i̲t̲e̲_̲f̲a̲l̲s̲e̲
CJ/Basic.lean:138:20: warning: `if_true` has been deprecated: Use `ite_true` instead

Hint: Replace the deprecated name:
  i̵f̵_̵t̵r̵u̵e̵i̲t̲e̲_̲t̲r̲u̲e̲
CJ/Basic.lean:138:29: warning: `if_false` has been deprecated: Use `ite_false` instead

Hint: Replace the deprecated name:
  i̵f̵_̵f̵a̵l̵s̵e̵i̲t̲e̲_̲f̲a̲l̲s̲e̲
CJ/Basic.lean:132:10: warning: This simp argument is unused:
  Nat.cast_one

Hint: Omit it from the simp argument list.
  [apply] simp only [F, coeff_sub, coeff_X_add_C_pow, coeff_X_pow, coeff_C, hk, hk0, one_pow, one_mul, mul_one,
    sub_zero, if_true, if_false]

Note: This linter can be disabled with `set_option linter.unusedSimpArgs false`
CJ/Basic.lean:132:42: warning: This simp argument is unused:
  mul_one

Hint: Omit it from the simp argument list.
  [apply] simp only [F, coeff_sub, coeff_X_add_C_pow, coeff_X_pow, coeff_C, hk, hk0, Nat.cast_one, one_pow, one_mul,
    sub_zero, if_true, if_false]

Note: This linter can be disabled with `set_option linter.unusedSimpArgs false`
CJ/Basic.lean:132:61: warning: This simp argument is unused:
  if_true

Hint: Omit it from the simp argument list.
  [apply] simp only [F, coeff_sub, coeff_X_add_C_pow, coeff_X_pow, coeff_C, hk, hk0, Nat.cast_one, one_pow, one_mul,
    mul_one, sub_zero, if_false]

Note: This linter can be disabled with `set_option linter.unusedSimpArgs false`
CJ/Basic.lean:137:55: warning: This simp argument is unused:
  Nat.cast_one

Hint: Omit it from the simp argument list.
  [apply] simp only [F, coeff_sub, coeff_X_add_C_pow, coeff_X_pow, coeff_C, Nat.choose_eq_zero_of_lt hgt, Nat.cast_zero,
    mul_zero, sub_self, if_true, if_false, hk, hk0', dvd_zero]

Note: This linter can be disabled with `set_option linter.unusedSimpArgs false`
CJ/Basic.lean:138:20: warning: This simp argument is unused:
  if_true

Hint: Omit it from the simp argument list.
  [apply] simp only [F, coeff_sub, coeff_X_add_C_pow, coeff_X_pow, coeff_C, Nat.choose_eq_zero_of_lt hgt, Nat.cast_zero,
    Nat.cast_one, mul_zero, sub_self, if_false, hk, hk0', dvd_zero]

Note: This linter can be disabled with `set_option linter.unusedSimpArgs false`
CJ/Basic.lean:149:40: warning: This simp argument is unused:
  mkQ_Y6

Hint: Omit it from the simp argument list.
  [apply] simp only [show (6 * l + 1) - 1 = 6 * l from by omega, sub_zero, map_sub, map_mul, map_pow, pow_mul, mkQ_Y6',
    mkQ_X6', mkQ_X6, one_pow, mul_one, sub_self]

Note: This linter can be disabled with `set_option linter.unusedSimpArgs false`
CJ/Basic.lean:149:48: warning: This simp argument is unused:
  mkQ_X6

Hint: Omit it from the simp argument list.
  [apply] simp only [show (6 * l + 1) - 1 = 6 * l from by omega, sub_zero, map_sub, map_mul, map_pow, pow_mul, mkQ_Y6',
    mkQ_X6', mkQ_Y6, one_pow, mul_one, sub_self]

Note: This linter can be disabled with `set_option linter.unusedSimpArgs false`
Try this:
  [apply] ring_nf
  
  The `ring` tactic failed to close the goal. Use `ring_nf` to obtain a normal form.
    
  Note that `ring` works primarily in *commutative* rings. If you have a noncommutative ring, abelian group or module, consider using `noncomm_ring`, `abel` or `module` instead.
CJ/Basic.lean:159:62: error: unsolved goals
n : ℕ
G : ℤ[X]
hn6 : ∃ l, n = 6 * l + 1
hFG : F n = (X ^ 2 + X + 1) * G
hq :
  (mkQ (derivative (X ^ 2)) + mkQ (derivative X) + mkQ (derivative 1)) * mkQ G +
      (mkQ (X ^ 2) + mkQ X + mkQ 1) * mkQ (derivative G) =
    0
⊢ 1 + X * 2 + derivative 1 = 1 + X * 2
CJ/Basic.lean:163:6: error: Tactic `rewrite` failed: Did not find an occurrence of the pattern
  derivative (X ^ 2 + X + 1)
in the target expression
  (mkQ (derivative (X ^ 2)) + mkQ (derivative X) + mkQ (derivative 1)) * mkQ G +
      (mkQ (X ^ 2) + mkQ X + mkQ 1) * mkQ (derivative G) =
    0

n : ℕ
G : ℤ[X]
hn6 : ∃ l, n = 6 * l + 1
hFG : F n = (X ^ 2 + X + 1) * G
hq :
  (mkQ (derivative (X ^ 2)) + mkQ (derivative X) + mkQ (derivative 1)) * mkQ G +
      (mkQ (X ^ 2) + mkQ X + mkQ 1) * mkQ (derivative G) =
    0
hD' : derivative (X ^ 2 + X + 1) = 2 * X + 1
⊢ ∃ K, (2 * X + 1) * G = (X ^ 2 + X + 1) * K
CJ/Basic.lean:160:63: warning: This simp argument is unused:
  derivative_C

Hint: Omit it from the simp argument list.
  [apply] simp only [derivative_add, derivative_X_pow, derivative_X, pow_one, C_eq_natCast]

Note: This linter can be disabled with `set_option linter.unusedSimpArgs false`
CJ/Basic.lean:160:77: warning: This simp argument is unused:
  pow_one

Hint: Omit it from the simp argument list.
  [apply] simp only [derivative_add, derivative_X_pow, derivative_X, derivative_C, C_eq_natCast]

Note: This linter can be disabled with `set_option linter.unusedSimpArgs false`
CJ/Basic.lean:183:14: warning: declaration uses `sorry`
CJ/Basic.lean:294:52: error: unexpected token '#print'; expected 'lemma'
'CJ.CJ_block1' depends on axioms: [propext, sorryAx, Classical.choice, Quot.sound]
'CJ.D_dvd_F' depends on axioms: [propext, Classical.choice, Quot.sound]
'CJ.X_dvd_F' depends on axioms: [propext, Classical.choice, Quot.sound]
'CJ.X1_dvd_F' depends on axioms: [propext, Classical.choice, Quot.sound]
'CJ.n_dvd_F' depends on axioms: [propext, Classical.choice, Quot.sound]
'CJ.D2_dvd_F' depends on axioms: [propext, sorryAx, Classical.choice, Quot.sound]
EXIT=1
