2026-09-30T08:17:06Z	WATCHDOG-START	tick=60	report=1800	stall=900	overrun=1500
2026-09-30T08:17:07Z	HB	1	proc=1 1	state=RR1@13s	latched=none	lastlog=0s
2026-09-30T08:18:08Z	HB	2	proc=1 1	state=RR1@74s	latched=none	lastlog=-1s
2026-09-30T08:19:09Z	HB	3	proc=0 0	state=-	latched=none	lastlog=59s
2026-09-30T08:20:09Z	HB	4	proc=0 0	state=-	latched=none	lastlog=60s
2026-09-30T08:21:10Z	HB	5	proc=0 0	state=-	latched=none	lastlog=60s
2026-09-30T08:22:10Z	HB	6	proc=0 0	state=-	latched=none	lastlog=60s
2026-09-30T08:23:11Z	HB	7	proc=0 0	state=-	latched=none	lastlog=60s
2026-09-30T08:24:11Z	HB	8	proc=0 0	state=-	latched=none	lastlog=60s
2026-09-30T08:25:12Z	HB	9	proc=0 0	state=-	latched=none	lastlog=60s
2026-09-30T08:26:13Z	HB	10	proc=0 0	state=-	latched=none	lastlog=60s
2026-09-30T08:27:13Z	HB	11	proc=0 0	state=-	latched=none	lastlog=60s
2026-09-30T08:28:14Z	HB	12	proc=0 0	state=-	latched=none	lastlog=60s
2026-09-30T08:29:14Z	HB	13	proc=0 0	state=-	latched=none	lastlog=60s
2026-09-30T08:30:15Z	HB	14	proc=0 0	state=-	latched=none	lastlog=60s
2026-09-30T08:31:15Z	HB	15	proc=0 0	state=-	latched=none	lastlog=60s
2026-09-30T08:32:16Z	HB	16	proc=0 0	state=RR2@0s	latched=none	lastlog=60s
2026-09-30T08:33:16Z	HB	17	proc=0 0	state=-	latched=none	lastlog=5s
2026-09-30T08:34:17Z	HB	18	proc=0 0	state=-	latched=none	lastlog=60s
2026-09-30T08:35:17Z	HB	19	proc=0 0	state=-	latched=none	lastlog=60s
2026-09-30T08:36:18Z	HB	20	proc=0 0	state=-	latched=none	lastlog=60s
2026-09-30T08:37:18Z	HB	21	proc=0 0	state=-	latched=none	lastlog=60s
2026-09-30T08:38:19Z	HB	22	proc=0 0	state=-	latched=none	lastlog=60s
2026-09-30T08:39:19Z	HB	23	proc=0 0	state=-	latched=none	lastlog=60s
2026-09-30T08:40:20Z	HB	24	proc=0 0	state=-	latched=none	lastlog=60s
2026-09-30T08:41:20Z	HB	25	proc=0 0	state=-	latched=none	lastlog=60s
2026-09-30T08:42:21Z	HB	26	proc=0 0	state=-	latched=none	lastlog=30s
2026-09-30T08:43:21Z	HB	27	proc=0 0	state=-	latched=none	lastlog=60s
2026-09-30T08:44:22Z	HB	28	proc=0 0	state=-	latched=none	lastlog=60s
2026-09-30T08:45:22Z	HB	29	proc=0 0	state=-	latched=none	lastlog=60s
2026-09-30T08:46:23Z	HB	30	proc=0 0	state=-	latched=none	lastlog=61s
2026-09-30T08:47:24Z	HB	31	proc=0 0	state=-	latched=none	lastlog=60s
2026-09-30T08:47:24Z	REPORT	ticks=31	max_inflight_age=74s	latched=none	seq=0
2026-09-30T08:48:24Z	HB	32	proc=0 0	state=-	latched=none	lastlog=17s
2026-09-30T08:49:25Z	HB	33	proc=0 0	state=-	latched=none	lastlog=60s
2026-09-30T08:50:25Z	HB	34	proc=0 0	state=-	latched=none	lastlog=60s
2026-09-30T08:51:26Z	HB	35	proc=0 0	state=-	latched=none	lastlog=60s
2026-09-30T08:52:26Z	HB	36	proc=0 0	state=-	latched=none	lastlog=60s
2026-09-30T08:53:27Z	HB	37	proc=0 0	state=-	latched=none	lastlog=22s
2026-09-30T08:54:27Z	HB	38	proc=0 0	state=-	latched=none	lastlog=60s
2026-09-30T08:55:28Z	HB	39	proc=0 0	state=-	latched=none	lastlog=60s
2026-09-30T08:56:28Z	HB	40	proc=0 0	state=-	latched=none	lastlog=60s
2026-09-30T08:57:29Z	HB	41	proc=0 0	state=-	latched=none	lastlog=26s
2026-09-30T08:58:30Z	HB	42	proc=0 0	state=-	latched=none	lastlog=60s
2026-09-30T08:59:30Z	HB	43	proc=0 0	state=-	latched=none	lastlog=60s
2026-09-30T09:00:31Z	HB	44	proc=0 0	state=RR8@1s	latched=none	lastlog=40s
2026-09-30T09:01:31Z	HB	45	proc=0 0	state=-	latched=none	lastlog=39s
2026-09-30T09:02:32Z	HB	46	proc=0 0	state=-	latched=none	lastlog=60s
2026-09-30T09:03:32Z	HB	47	proc=0 0	state=-	latched=none	lastlog=60s
2026-09-30T09:04:33Z	HB	48	proc=0 0	state=-	latched=none	lastlog=60s
2026-09-30T09:05:33Z	HB	49	proc=0 0	state=-	latched=none	lastlog=60s
2026-09-30T09:06:34Z	HB	50	proc=0 0	state=-	latched=none	lastlog=61s
2026-09-30T09:07:35Z	HB	51	proc=0 0	state=-	latched=none	lastlog=60s
2026-09-30T09:08:35Z	HB	52	proc=0 0	state=-	latched=none	lastlog=60s
2026-09-30T09:09:36Z	HB	53	proc=0 0	state=-	latched=none	lastlog=60s
2026-09-30T09:10:36Z	HB	54	proc=0 0	state=-	latched=none	lastlog=60s
2026-09-30T09:11:37Z	HB	55	proc=0 0	state=-	latched=none	lastlog=60s
2026-09-30T09:12:37Z	HB	56	proc=1 1	state=RR9@20s	latched=none	lastlog=20s
2026-09-30T09:13:38Z	HB	57	proc=0 0	state=-	latched=none	lastlog=51s
2026-09-30T09:14:38Z	HB	58	proc=0 0	state=-	latched=none	lastlog=60s
2026-09-30T09:15:39Z	HB	59	proc=0 0	state=-	latched=none	lastlog=60s
2026-09-30T09:16:39Z	HB	60	proc=0 0	state=-	latched=none	lastlog=60s
2026-09-30T09:17:40Z	HB	61	proc=0 0	state=-	latched=none	lastlog=60s
2026-09-30T09:17:40Z	REPORT	ticks=61	max_inflight_age=20s	latched=none	seq=0
2026-09-30T09:18:40Z	HB	62	proc=0 0	state=-	latched=none	lastlog=27s
2026-09-30T09:19:41Z	HB	63	proc=0 0	state=-	latched=none	lastlog=60s
2026-09-30T09:20:41Z	HB	64	proc=0 0	state=-	latched=none	lastlog=60s
2026-09-30T09:21:42Z	HB	65	proc=0 0	state=-	latched=none	lastlog=60s
2026-09-30T09:22:42Z	HB	66	proc=0 0	state=-	latched=none	lastlog=60s
2026-09-30T09:23:43Z	HB	67	proc=0 0	state=-	latched=none	lastlog=61s
2026-09-30T09:24:44Z	HB	68	proc=0 0	state=-	latched=none	lastlog=30s
2026-09-30T09:25:44Z	HB	69	proc=0 0	state=-	latched=none	lastlog=60s
2026-09-30T09:26:45Z	HB	70	proc=0 0	state=-	latched=none	lastlog=60s
2026-09-30T09:27:45Z	HB	71	proc=0 0	state=-	latched=none	lastlog=60s
2026-09-30T09:28:46Z	HB	72	proc=0 0	state=-	latched=none	lastlog=60s
2026-09-30T09:29:46Z	HB	73	proc=0 0	state=-	latched=none	lastlog=60s
2026-09-30T09:30:47Z	HB	74	proc=0 0	state=-	latched=none	lastlog=60s
2026-09-30T09:31:47Z	HB	75	proc=0 0	state=-	latched=none	lastlog=60s
2026-09-30T09:32:48Z	HB	76	proc=0 0	state=-	latched=none	lastlog=60s
2026-09-30T09:33:48Z	HB	77	proc=0 0	state=-	latched=none	lastlog=60s
2026-09-30T09:34:49Z	HB	78	proc=0 0	state=-	latched=none	lastlog=60s
2026-09-30T09:35:49Z	HB	79	proc=0 0	state=-	latched=none	lastlog=60s
2026-09-30T09:36:50Z	HB	80	proc=0 0	state=-	latched=none	lastlog=60s
2026-09-30T09:37:50Z	HB	81	proc=0 0	state=-	latched=none	lastlog=60s
2026-09-30T09:38:51Z	HB	82	proc=0 0	state=-	latched=none	lastlog=60s
2026-09-30T09:39:51Z	HB	83	proc=0 0	state=-	latched=none	lastlog=60s
2026-09-30T09:40:52Z	HB	84	proc=0 0	state=-	latched=none	lastlog=60s
2026-09-30T09:41:52Z	HB	85	proc=0 0	state=-	latched=none	lastlog=60s
2026-09-30T09:42:53Z	HB	86	proc=0 0	state=-	latched=none	lastlog=60s
2026-09-30T09:43:53Z	HB	87	proc=0 0	state=-	latched=none	lastlog=60s
2026-09-30T09:44:54Z	HB	88	proc=0 0	state=-	latched=none	lastlog=60s
2026-09-30T09:45:54Z	HB	89	proc=0 0	state=-	latched=none	lastlog=60s
2026-09-30T09:46:55Z	HB	90	proc=0 0	state=-	latched=none	lastlog=60s
2026-09-30T09:47:56Z	HB	91	proc=0 0	state=-	latched=none	lastlog=60s
2026-09-30T09:47:56Z	REPORT	ticks=91	max_inflight_age=0s	latched=none	seq=0
2026-09-30T09:48:56Z	HB	92	proc=0 0	state=-	latched=none	lastlog=60s
2026-09-30T09:49:57Z	HB	93	proc=0 0	state=-	latched=none	lastlog=60s
2026-09-30T09:50:57Z	HB	94	proc=0 0	state=-	latched=none	lastlog=60s
2026-09-30T09:51:58Z	HB	95	proc=0 0	state=-	latched=none	lastlog=60s
2026-09-30T09:52:58Z	HB	96	proc=0 0	state=-	latched=none	lastlog=60s
2026-09-30T09:53:59Z	HB	97	proc=0 0	state=-	latched=none	lastlog=60s
2026-09-30T09:54:59Z	HB	98	proc=0 0	state=-	latched=none	lastlog=60s
2026-09-30T09:56:00Z	HB	99	proc=0 0	state=-	latched=none	lastlog=60s
2026-09-30T09:57:00Z	HB	100	proc=0 0	state=-	latched=none	lastlog=60s
2026-09-30T09:58:01Z	HB	101	proc=0 0	state=-	latched=none	lastlog=60s
2026-09-30T09:59:01Z	HB	102	proc=0 0	state=-	latched=none	lastlog=60s
2026-09-30T10:00:02Z	HB	103	proc=0 0	state=-	latched=none	lastlog=60s
2026-09-30T10:01:02Z	HB	104	proc=0 0	state=-	latched=none	lastlog=60s
2026-09-30T10:02:03Z	HB	105	proc=0 0	state=-	latched=none	lastlog=60s
2026-09-30T10:03:03Z	HB	106	proc=0 0	state=-	latched=none	lastlog=60s
2026-09-30T10:04:05Z	HB	107	proc=1 1	state=RR12@53s	latched=none	lastlog=52s
2026-09-30T10:05:06Z	HB	108	proc=0 0	state=-	latched=none	lastlog=47s
2026-09-30T10:06:06Z	HB	109	proc=0 0	state=-	latched=none	lastlog=60s
2026-09-30T10:07:07Z	HB	110	proc=0 0	state=-	latched=none	lastlog=60s
2026-09-30T10:08:07Z	HB	111	proc=0 0	state=-	latched=none	lastlog=24s
2026-09-30T10:09:08Z	HB	112	proc=0 0	state=-	latched=none	lastlog=60s
2026-09-30T10:10:08Z	HB	113	proc=0 0	state=-	latched=none	lastlog=60s
2026-09-30T10:11:09Z	HB	114	proc=0 0	state=-	latched=none	lastlog=60s
2026-09-30T10:12:09Z	HB	115	proc=0 0	state=-	latched=none	lastlog=60s
2026-09-30T10:13:10Z	HB	116	proc=0 0	state=-	latched=none	lastlog=60s
2026-09-30T10:14:10Z	HB	117	proc=0 0	state=-	latched=none	lastlog=60s
2026-09-30T10:15:11Z	HB	118	proc=0 0	state=-	latched=none	lastlog=60s
2026-09-30T10:16:11Z	HB	119	proc=0 0	state=-	latched=none	lastlog=60s
2026-09-30T10:17:12Z	HB	120	proc=0 0	state=-	latched=none	lastlog=60s
2026-09-30T10:18:12Z	HB	121	proc=0 0	state=-	latched=none	lastlog=60s
2026-09-30T10:18:12Z	REPORT	ticks=121	max_inflight_age=53s	latched=none	seq=0
2026-09-30T10:19:13Z	HB	122	proc=0 0	state=-	latched=none	lastlog=61s
2026-09-30T10:20:14Z	HB	123	proc=0 0	state=-	latched=none	lastlog=60s
2026-09-30T10:21:14Z	HB	124	proc=0 0	state=-	latched=none	lastlog=60s
2026-09-30T10:22:15Z	HB	125	proc=0 0	state=-	latched=none	lastlog=60s
2026-09-30T10:23:15Z	HB	126	proc=0 0	state=-	latched=none	lastlog=60s
2026-09-30T10:24:16Z	HB	127	proc=0 0	state=-	latched=none	lastlog=60s
2026-09-30T10:25:16Z	HB	128	proc=0 0	state=-	latched=none	lastlog=60s
2026-09-30T10:26:17Z	HB	129	proc=0 0	state=-	latched=none	lastlog=60s
2026-09-30T10:27:17Z	HB	130	proc=0 0	state=-	latched=none	lastlog=60s
2026-09-30T10:28:18Z	HB	131	proc=0 0	state=-	latched=none	lastlog=60s
2026-09-30T10:29:18Z	HB	132	proc=0 0	state=-	latched=none	lastlog=60s
2026-09-30T10:30:19Z	HB	133	proc=0 0	state=-	latched=none	lastlog=60s
2026-09-30T10:31:19Z	HB	134	proc=0 0	state=-	latched=none	lastlog=60s
2026-09-30T10:32:20Z	HB	135	proc=0 0	state=-	latched=none	lastlog=60s
2026-09-30T10:33:20Z	HB	136	proc=0 0	state=-	latched=none	lastlog=60s
2026-09-30T10:34:21Z	HB	137	proc=0 0	state=-	latched=none	lastlog=60s
2026-09-30T10:35:21Z	HB	138	proc=0 0	state=-	latched=none	lastlog=60s
2026-09-30T10:36:22Z	HB	139	proc=0 0	state=-	latched=none	lastlog=60s
2026-09-30T10:37:22Z	HB	140	proc=0 0	state=-	latched=none	lastlog=60s
2026-09-30T10:38:23Z	HB	141	proc=0 0	state=-	latched=none	lastlog=60s
2026-09-30T10:39:23Z	HB	142	proc=0 0	state=-	latched=none	lastlog=60s
2026-09-30T10:40:24Z	HB	143	proc=0 0	state=-	latched=none	lastlog=60s
2026-09-30T10:41:24Z	HB	144	proc=0 0	state=-	latched=none	lastlog=60s
2026-09-30T10:42:25Z	HB	145	proc=0 0	state=-	latched=none	lastlog=60s
2026-09-30T10:43:25Z	HB	146	proc=0 0	state=-	latched=none	lastlog=60s
2026-09-30T10:44:26Z	HB	147	proc=0 0	state=-	latched=none	lastlog=60s
2026-09-30T10:45:26Z	HB	148	proc=0 0	state=-	latched=none	lastlog=60s
2026-09-30T10:46:27Z	HB	149	proc=0 0	state=-	latched=none	lastlog=61s
2026-09-30T10:47:28Z	HB	150	proc=0 0	state=-	latched=none	lastlog=60s
2026-09-30T10:48:28Z	HB	151	proc=0 0	state=-	latched=none	lastlog=60s
2026-09-30T10:48:28Z	REPORT	ticks=151	max_inflight_age=0s	latched=none	seq=0
2026-09-30T10:49:29Z	HB	152	proc=0 0	state=-	latched=none	lastlog=60s
2026-09-30T10:50:29Z	HB	153	proc=0 0	state=-	latched=none	lastlog=60s
2026-09-30T10:51:30Z	HB	154	proc=0 0	state=-	latched=none	lastlog=60s
2026-09-30T10:52:30Z	HB	155	proc=0 0	state=-	latched=none	lastlog=60s
2026-09-30T10:53:31Z	HB	156	proc=0 0	state=-	latched=none	lastlog=60s
2026-09-30T10:54:31Z	HB	157	proc=0 0	state=-	latched=none	lastlog=60s
2026-09-30T10:55:32Z	HB	158	proc=0 0	state=-	latched=none	lastlog=60s
2026-09-30T10:56:32Z	HB	159	proc=0 0	state=-	latched=none	lastlog=60s
2026-09-30T10:57:33Z	HB	160	proc=0 0	state=-	latched=none	lastlog=60s
2026-09-30T10:58:33Z	HB	161	proc=0 0	state=-	latched=none	lastlog=60s
2026-09-30T10:59:34Z	HB	162	proc=0 0	state=-	latched=none	lastlog=60s
2026-09-30T11:00:34Z	HB	163	proc=0 0	state=-	latched=none	lastlog=60s
2026-09-30T11:01:35Z	HB	164	proc=0 0	state=-	latched=none	lastlog=60s
2026-09-30T11:02:35Z	HB	165	proc=0 0	state=-	latched=none	lastlog=60s
2026-09-30T11:03:36Z	HB	166	proc=0 0	state=-	latched=none	lastlog=60s
2026-09-30T11:04:36Z	HB	167	proc=0 0	state=-	latched=none	lastlog=60s
2026-09-30T11:05:37Z	HB	168	proc=0 0	state=-	latched=none	lastlog=60s
2026-09-30T11:06:37Z	HB	169	proc=0 0	state=-	latched=none	lastlog=60s
2026-09-30T11:07:38Z	HB	170	proc=0 0	state=-	latched=none	lastlog=60s
2026-09-30T11:08:38Z	HB	171	proc=0 0	state=-	latched=none	lastlog=60s
2026-09-30T11:09:39Z	HB	172	proc=0 0	state=-	latched=none	lastlog=60s
2026-09-30T11:10:39Z	HB	173	proc=0 0	state=-	latched=none	lastlog=60s
2026-09-30T11:11:40Z	HB	174	proc=0 0	state=-	latched=none	lastlog=60s
2026-09-30T11:12:40Z	HB	175	proc=0 0	state=-	latched=none	lastlog=60s
2026-09-30T11:13:41Z	HB	176	proc=0 0	state=-	latched=none	lastlog=60s
2026-09-30T11:14:41Z	HB	177	proc=0 0	state=-	latched=none	lastlog=60s
2026-09-30T11:15:42Z	HB	178	proc=0 0	state=-	latched=none	lastlog=60s
2026-09-30T11:16:42Z	HB	179	proc=0 0	state=-	latched=none	lastlog=60s
2026-09-30T11:17:43Z	HB	180	proc=0 0	state=-	latched=none	lastlog=60s
2026-09-30T11:18:43Z	HB	181	proc=0 0	state=-	latched=none	lastlog=60s
2026-09-30T11:18:43Z	REPORT	ticks=181	max_inflight_age=0s	latched=none	seq=0
2026-09-30T11:19:44Z	HB	182	proc=0 0	state=-	latched=none	lastlog=61s
2026-09-30T11:20:44Z	HB	183	proc=0 0	state=-	latched=none	lastlog=60s
2026-09-30T11:21:45Z	HB	184	proc=0 0	state=-	latched=none	lastlog=61s
2026-09-30T11:22:46Z	HB	185	proc=1 1	state=RR14@36s	latched=none	lastlog=36s
2026-09-30T11:23:46Z	HB	186	proc=0 0	state=-	latched=none	lastlog=29s
2026-09-30T11:24:47Z	HB	187	proc=0 0	state=-	latched=none	lastlog=60s
2026-09-30T11:25:47Z	HB	188	proc=0 0	state=-	latched=none	lastlog=60s
2026-09-30T11:26:48Z	HB	189	proc=0 0	state=-	latched=none	lastlog=60s
2026-09-30T11:27:48Z	HB	190	proc=0 0	state=-	latched=none	lastlog=60s
2026-09-30T11:28:49Z	HB	191	proc=0 0	state=-	latched=none	lastlog=61s
2026-09-30T11:29:50Z	HB	192	proc=0 0	state=-	latched=none	lastlog=60s
2026-09-30T11:30:50Z	HB	193	proc=0 0	state=-	latched=none	lastlog=60s
2026-09-30T11:31:51Z	HB	194	proc=0 0	state=-	latched=none	lastlog=60s
2026-09-30T11:32:51Z	HB	195	proc=0 0	state=-	latched=none	lastlog=60s
2026-09-30T11:33:52Z	HB	196	proc=0 0	state=-	latched=none	lastlog=60s
2026-09-30T11:34:52Z	HB	197	proc=0 0	state=-	latched=none	lastlog=60s
2026-09-30T11:35:53Z	HB	198	proc=0 0	state=-	latched=none	lastlog=60s
2026-09-30T11:36:53Z	HB	199	proc=0 0	state=-	latched=none	lastlog=60s
2026-09-30T11:37:54Z	HB	200	proc=0 0	state=-	latched=none	lastlog=60s
2026-09-30T11:38:54Z	HB	201	proc=0 0	state=-	latched=none	lastlog=60s
2026-09-30T11:39:55Z	HB	202	proc=0 0	state=-	latched=none	lastlog=60s
2026-09-30T11:40:55Z	HB	203	proc=0 0	state=-	latched=none	lastlog=60s
2026-09-30T11:41:56Z	HB	204	proc=0 0	state=-	latched=none	lastlog=60s
2026-09-30T11:42:56Z	HB	205	proc=0 0	state=-	latched=none	lastlog=60s
2026-09-30T11:43:57Z	HB	206	proc=0 0	state=-	latched=none	lastlog=60s
2026-09-30T11:44:57Z	HB	207	proc=0 0	state=-	latched=none	lastlog=60s
2026-09-30T11:45:58Z	HB	208	proc=0 0	state=-	latched=none	lastlog=60s
2026-09-30T11:46:58Z	HB	209	proc=0 0	state=-	latched=none	lastlog=60s
2026-09-30T11:47:59Z	HB	210	proc=0 0	state=-	latched=none	lastlog=60s
2026-09-30T11:48:59Z	HB	211	proc=0 0	state=-	latched=none	lastlog=60s
2026-09-30T11:48:59Z	REPORT	ticks=211	max_inflight_age=36s	latched=none	seq=0
2026-09-30T11:50:00Z	HB	212	proc=0 0	state=-	latched=none	lastlog=60s
2026-09-30T11:51:00Z	HB	213	proc=0 0	state=-	latched=none	lastlog=60s
2026-09-30T11:52:01Z	HB	214	proc=0 0	state=-	latched=none	lastlog=60s
2026-09-30T11:53:01Z	HB	215	proc=0 0	state=-	latched=none	lastlog=60s
2026-09-30T11:54:02Z	HB	216	proc=0 0	state=-	latched=none	lastlog=60s
2026-09-30T11:55:02Z	HB	217	proc=0 0	state=-	latched=none	lastlog=60s
2026-09-30T11:56:03Z	HB	218	proc=0 0	state=-	latched=none	lastlog=60s
2026-09-30T11:57:03Z	HB	219	proc=0 0	state=-	latched=none	lastlog=60s
2026-09-30T11:58:04Z	HB	220	proc=0 0	state=-	latched=none	lastlog=61s
2026-09-30T11:59:05Z	HB	221	proc=0 0	state=-	latched=none	lastlog=60s
2026-09-30T12:00:05Z	HB	222	proc=0 0	state=-	latched=none	lastlog=60s
2026-09-30T12:01:06Z	HB	223	proc=0 0	state=-	latched=none	lastlog=60s
2026-09-30T12:02:06Z	HB	224	proc=0 0	state=-	latched=none	lastlog=60s
2026-09-30T12:03:07Z	HB	225	proc=0 0	state=-	latched=none	lastlog=60s
2026-09-30T12:04:07Z	HB	226	proc=0 0	state=-	latched=none	lastlog=60s
2026-09-30T12:05:08Z	HB	227	proc=0 0	state=-	latched=none	lastlog=60s
2026-09-30T12:06:08Z	HB	228	proc=0 0	state=-	latched=none	lastlog=60s
2026-09-30T12:07:09Z	HB	229	proc=0 0	state=-	latched=none	lastlog=60s
2026-09-30T12:08:09Z	HB	230	proc=0 0	state=-	latched=none	lastlog=60s
2026-09-30T12:09:10Z	HB	231	proc=0 0	state=-	latched=none	lastlog=60s
2026-09-30T12:10:10Z	HB	232	proc=0 0	state=-	latched=none	lastlog=60s
2026-09-30T12:11:11Z	HB	233	proc=0 0	state=-	latched=none	lastlog=60s
2026-09-30T12:12:11Z	HB	234	proc=0 0	state=-	latched=none	lastlog=60s
2026-09-30T12:13:12Z	HB	235	proc=0 0	state=-	latched=none	lastlog=60s
2026-09-30T12:14:12Z	HB	236	proc=0 0	state=-	latched=none	lastlog=60s
2026-09-30T12:15:13Z	HB	237	proc=0 0	state=-	latched=none	lastlog=60s
2026-09-30T12:16:13Z	HB	238	proc=0 0	state=-	latched=none	lastlog=60s
2026-09-30T12:17:14Z	HB	239	proc=0 0	state=-	latched=none	lastlog=60s
2026-09-30T12:18:14Z	HB	240	proc=0 0	state=-	latched=none	lastlog=60s
2026-09-30T12:19:15Z	HB	241	proc=0 0	state=-	latched=none	lastlog=61s
2026-09-30T12:19:15Z	REPORT	ticks=241	max_inflight_age=0s	latched=none	seq=0
2026-09-30T12:20:16Z	HB	242	proc=0 0	state=-	latched=none	lastlog=60s
2026-09-30T12:21:16Z	HB	243	proc=0 0	state=-	latched=none	lastlog=60s
2026-09-30T12:22:17Z	HB	244	proc=0 0	state=-	latched=none	lastlog=60s
2026-09-30T12:23:17Z	HB	245	proc=0 0	state=-	latched=none	lastlog=60s
2026-09-30T12:24:18Z	HB	246	proc=1 1	state=RR15@17s	latched=none	lastlog=17s
2026-09-30T12:25:18Z	HB	247	proc=0 0	state=-	latched=none	lastlog=20s
2026-09-30T12:26:19Z	HB	248	proc=1 1	state=RR16@10s	latched=none	lastlog=-1s
2026-09-30T12:27:20Z	HB	249	proc=0 0	state=-	latched=none	lastlog=59s
2026-09-30T12:28:20Z	HB	250	proc=0 0	state=-	latched=none	lastlog=60s
2026-09-30T12:29:21Z	HB	251	proc=0 0	state=-	latched=none	lastlog=60s
2026-09-30T12:30:21Z	HB	252	proc=1 1	state=RR17@6s	latched=none	lastlog=6s
2026-09-30T12:31:22Z	HB	253	proc=0 0	state=-	latched=none	lastlog=56s
2026-09-30T12:32:22Z	HB	254	proc=0 0	state=-	latched=none	lastlog=60s
2026-09-30T12:33:23Z	HB	255	proc=0 0	state=-	latched=none	lastlog=60s
2026-09-30T12:34:23Z	HB	256	proc=0 0	state=-	latched=none	lastlog=60s
2026-09-30T12:35:24Z	HB	257	proc=0 0	state=-	latched=none	lastlog=60s
2026-09-30T12:36:24Z	HB	258	proc=0 0	state=-	latched=none	lastlog=60s
2026-09-30T12:37:25Z	HB	259	proc=0 0	state=-	latched=none	lastlog=60s
2026-09-30T12:38:25Z	HB	260	proc=0 0	state=-	latched=none	lastlog=60s
2026-09-30T12:39:26Z	HB	261	proc=0 0	state=-	latched=none	lastlog=61s
2026-09-30T12:40:26Z	HB	262	proc=0 0	state=-	latched=none	lastlog=60s
2026-09-30T12:41:27Z	HB	263	proc=0 0	state=-	latched=none	lastlog=61s
2026-09-30T12:42:27Z	HB	264	proc=0 0	state=-	latched=none	lastlog=60s
2026-09-30T12:43:28Z	HB	265	proc=0 0	state=-	latched=none	lastlog=61s
2026-09-30T12:44:29Z	HB	266	proc=0 0	state=-	latched=none	lastlog=60s
2026-09-30T12:45:29Z	HB	267	proc=0 0	state=-	latched=none	lastlog=60s
2026-09-30T12:46:30Z	HB	268	proc=0 0	state=-	latched=none	lastlog=60s
2026-09-30T12:47:30Z	HB	269	proc=0 0	state=-	latched=none	lastlog=60s
2026-09-30T12:48:31Z	HB	270	proc=0 0	state=-	latched=none	lastlog=60s
2026-09-30T12:49:31Z	HB	271	proc=0 0	state=-	latched=none	lastlog=60s
2026-09-30T12:49:31Z	REPORT	ticks=271	max_inflight_age=17s	latched=none	seq=0
2026-09-30T12:50:32Z	HB	272	proc=0 0	state=-	latched=none	lastlog=60s
2026-09-30T12:51:32Z	HB	273	proc=0 0	state=-	latched=none	lastlog=60s
2026-09-30T12:52:33Z	HB	274	proc=0 0	state=-	latched=none	lastlog=60s
2026-09-30T12:53:33Z	HB	275	proc=0 0	state=-	latched=none	lastlog=60s
2026-09-30T12:54:34Z	HB	276	proc=0 0	state=-	latched=none	lastlog=60s
2026-09-30T12:55:34Z	HB	277	proc=0 0	state=-	latched=none	lastlog=60s
2026-09-30T12:56:35Z	HB	278	proc=0 0	state=-	latched=none	lastlog=60s
2026-09-30T12:57:35Z	HB	279	proc=0 0	state=-	latched=none	lastlog=60s
2026-09-30T12:58:36Z	HB	280	proc=1 1	state=RR18@22s	latched=none	lastlog=21s
2026-09-30T12:59:37Z	HB	281	proc=0 0	state=-	latched=none	lastlog=34s
2026-09-30T13:00:37Z	HB	282	proc=0 0	state=-	latched=none	lastlog=61s
2026-09-30T13:01:38Z	HB	283	proc=0 0	state=-	latched=none	lastlog=60s
2026-09-30T13:02:38Z	HB	284	proc=0 0	state=-	latched=none	lastlog=60s
2026-09-30T13:03:39Z	HB	285	proc=0 0	state=-	latched=none	lastlog=60s
2026-09-30T13:04:39Z	HB	286	proc=0 0	state=-	latched=none	lastlog=60s
2026-09-30T13:05:40Z	HB	287	proc=0 0	state=-	latched=none	lastlog=60s
2026-09-30T13:06:40Z	HB	288	proc=0 0	state=-	latched=none	lastlog=60s
2026-09-30T13:07:41Z	HB	289	proc=0 0	state=-	latched=none	lastlog=60s
2026-09-30T13:08:41Z	HB	290	proc=0 0	state=-	latched=none	lastlog=60s
2026-09-30T13:09:42Z	HB	291	proc=0 0	state=-	latched=none	lastlog=60s
2026-09-30T13:10:42Z	HB	292	proc=0 0	state=-	latched=none	lastlog=60s
2026-09-30T13:11:43Z	HB	293	proc=0 0	state=-	latched=none	lastlog=60s
2026-09-30T13:12:43Z	HB	294	proc=0 0	state=-	latched=none	lastlog=60s
2026-09-30T13:13:44Z	HB	295	proc=0 0	state=-	latched=none	lastlog=60s
2026-09-30T13:14:44Z	HB	296	proc=0 0	state=-	latched=none	lastlog=60s
2026-09-30T13:15:45Z	HB	297	proc=0 0	state=-	latched=none	lastlog=60s
2026-09-30T13:16:45Z	HB	298	proc=0 0	state=-	latched=none	lastlog=60s
2026-09-30T13:17:46Z	HB	299	proc=0 0	state=-	latched=none	lastlog=60s
2026-09-30T13:18:46Z	HB	300	proc=0 0	state=-	latched=none	lastlog=60s
2026-09-30T13:19:47Z	HB	301	proc=0 0	state=-	latched=none	lastlog=60s
2026-09-30T13:19:47Z	REPORT	ticks=301	max_inflight_age=22s	latched=none	seq=0
2026-09-30T13:20:47Z	HB	302	proc=0 0	state=-	latched=none	lastlog=60s
2026-09-30T13:21:48Z	HB	303	proc=0 0	state=-	latched=none	lastlog=61s
2026-09-30T13:22:49Z	HB	304	proc=0 0	state=-	latched=none	lastlog=60s
2026-09-30T13:23:49Z	HB	305	proc=1 1	state=RR19@12s	latched=none	lastlog=11s
2026-09-30T13:24:50Z	HB	306	proc=0 0	state=-	latched=none	lastlog=31s
2026-09-30T13:25:50Z	HB	307	proc=0 0	state=-	latched=none	lastlog=60s
2026-09-30T13:26:51Z	HB	308	proc=0 0	state=-	latched=none	lastlog=60s
2026-09-30T13:27:51Z	HB	309	proc=0 0	state=-	latched=none	lastlog=60s
2026-09-30T13:28:52Z	HB	310	proc=0 0	state=-	latched=none	lastlog=60s
2026-09-30T13:29:52Z	HB	311	proc=0 0	state=-	latched=none	lastlog=60s
2026-09-30T13:30:53Z	HB	312	proc=0 0	state=-	latched=none	lastlog=60s
2026-09-30T13:31:53Z	HB	313	proc=0 0	state=-	latched=none	lastlog=60s
2026-09-30T13:32:54Z	HB	314	proc=0 0	state=-	latched=none	lastlog=60s
2026-09-30T13:33:54Z	HB	315	proc=0 0	state=-	latched=none	lastlog=60s
2026-09-30T13:34:55Z	HB	316	proc=0 0	state=-	latched=none	lastlog=60s
2026-09-30T13:35:55Z	HB	317	proc=0 0	state=-	latched=none	lastlog=60s
2026-09-30T13:36:56Z	HB	318	proc=0 0	state=-	latched=none	lastlog=60s
2026-09-30T13:37:56Z	HB	319	proc=0 0	state=-	latched=none	lastlog=60s
2026-09-30T13:38:57Z	HB	320	proc=0 0	state=-	latched=none	lastlog=60s
2026-09-30T13:39:58Z	HB	321	proc=1 1	state=RR20@21s	latched=none	lastlog=21s
2026-09-30T13:40:58Z	HB	322	proc=0 0	state=-	latched=none	lastlog=48s
2026-09-30T13:41:59Z	HB	323	proc=0 0	state=-	latched=none	lastlog=60s
2026-09-30T13:42:59Z	HB	324	proc=0 0	state=-	latched=none	lastlog=60s
2026-09-30T13:44:00Z	HB	325	proc=0 0	state=-	latched=none	lastlog=60s
2026-09-30T13:45:00Z	HB	326	proc=0 0	state=-	latched=none	lastlog=60s
2026-09-30T13:46:01Z	HB	327	proc=0 0	state=-	latched=none	lastlog=60s
2026-09-30T13:47:01Z	HB	328	proc=0 0	state=-	latched=none	lastlog=60s
2026-09-30T13:48:02Z	HB	329	proc=0 0	state=-	latched=none	lastlog=60s
2026-09-30T13:49:02Z	HB	330	proc=0 0	state=-	latched=none	lastlog=60s
2026-09-30T13:50:03Z	HB	331	proc=0 0	state=-	latched=none	lastlog=60s
2026-09-30T13:50:03Z	REPORT	ticks=331	max_inflight_age=21s	latched=none	seq=0
2026-09-30T13:51:03Z	HB	332	proc=0 0	state=-	latched=none	lastlog=60s
2026-09-30T13:52:04Z	HB	333	proc=0 0	state=-	latched=none	lastlog=60s
2026-09-30T13:53:04Z	HB	334	proc=0 0	state=-	latched=none	lastlog=60s
2026-09-30T13:54:05Z	HB	335	proc=0 0	state=-	latched=none	lastlog=60s
2026-09-30T13:55:05Z	HB	336	proc=0 0	state=-	latched=none	lastlog=60s
2026-09-30T13:56:06Z	HB	337	proc=0 0	state=-	latched=none	lastlog=60s
2026-09-30T13:57:06Z	HB	338	proc=0 0	state=-	latched=none	lastlog=60s
2026-09-30T13:58:07Z	HB	339	proc=0 0	state=-	latched=none	lastlog=60s
2026-09-30T13:59:07Z	HB	340	proc=1 1	state=RR21@23s	latched=none	lastlog=23s
2026-09-30T14:00:08Z	HB	341	proc=0 0	state=-	latched=none	lastlog=38s
2026-09-30T14:01:08Z	HB	342	proc=0 0	state=-	latched=none	lastlog=60s
2026-09-30T14:02:09Z	HB	343	proc=0 0	state=-	latched=none	lastlog=61s
2026-09-30T14:03:09Z	HB	344	proc=0 0	state=-	latched=none	lastlog=60s
2026-09-30T14:04:10Z	HB	345	proc=0 0	state=-	latched=none	lastlog=61s
2026-09-30T14:05:10Z	HB	346	proc=0 0	state=-	latched=none	lastlog=60s
2026-09-30T14:06:11Z	HB	347	proc=0 0	state=-	latched=none	lastlog=61s
2026-09-30T14:07:11Z	HB	348	proc=0 0	state=-	latched=none	lastlog=60s
2026-09-30T14:08:12Z	HB	349	proc=0 0	state=-	latched=none	lastlog=61s
2026-09-30T14:09:13Z	HB	350	proc=0 0	state=-	latched=none	lastlog=60s
2026-09-30T14:10:13Z	HB	351	proc=0 0	state=-	latched=none	lastlog=60s
2026-09-30T14:11:14Z	HB	352	proc=0 0	state=-	latched=none	lastlog=60s
2026-09-30T14:12:14Z	HB	353	proc=0 0	state=-	latched=none	lastlog=6s
2026-09-30T14:13:15Z	HB	354	proc=0 0	state=-	latched=none	lastlog=60s
2026-09-30T14:14:15Z	HB	355	proc=0 0	state=-	latched=none	lastlog=60s
2026-09-30T14:15:16Z	HB	356	proc=0 0	state=-	latched=none	lastlog=60s
2026-09-30T14:16:16Z	HB	357	proc=1 1	state=RR23@13s	latched=none	lastlog=0s
2026-09-30T14:17:17Z	HB	358	proc=0 0	state=-	latched=none	lastlog=60s
2026-09-30T14:18:17Z	HB	359	proc=0 0	state=-	latched=none	lastlog=60s
2026-09-30T14:19:18Z	HB	360	proc=0 0	state=-	latched=none	lastlog=60s
2026-09-30T14:20:19Z	HB	361	proc=0 0	state=-	latched=none	lastlog=60s
2026-09-30T14:20:19Z	REPORT	ticks=361	max_inflight_age=23s	latched=none	seq=0
2026-09-30T14:21:19Z	HB	362	proc=0 0	state=-	latched=none	lastlog=60s
2026-09-30T14:22:20Z	HB	363	proc=0 0	state=-	latched=none	lastlog=60s
2026-09-30T14:23:20Z	HB	364	proc=0 0	state=-	latched=none	lastlog=60s
2026-09-30T14:24:21Z	HB	365	proc=0 0	state=-	latched=none	lastlog=60s
2026-09-30T14:25:21Z	HB	366	proc=0 0	state=-	latched=none	lastlog=60s
2026-09-30T14:26:22Z	HB	367	proc=0 0	state=-	latched=none	lastlog=60s
2026-09-30T14:27:22Z	HB	368	proc=0 0	state=-	latched=none	lastlog=60s
2026-09-30T14:28:23Z	HB	369	proc=1 1	state=RR24@35s	latched=none	lastlog=0s
2026-09-30T14:29:23Z	HB	370	proc=0 0	state=-	latched=none	lastlog=58s
2026-09-30T14:30:24Z	HB	371	proc=0 0	state=-	latched=none	lastlog=60s
2026-09-30T14:31:24Z	HB	372	proc=0 0	state=-	latched=none	lastlog=60s
2026-09-30T14:32:25Z	HB	373	proc=0 0	state=-	latched=none	lastlog=36s
2026-09-30T14:33:25Z	HB	374	proc=0 0	state=-	latched=none	lastlog=60s
2026-09-30T14:34:26Z	HB	375	proc=0 0	state=-	latched=none	lastlog=41s
2026-09-30T14:35:26Z	HB	376	proc=0 0	state=-	latched=none	lastlog=3s
2026-09-30T14:36:27Z	HB	377	proc=0 0	state=-	latched=none	lastlog=60s
2026-09-30T14:37:27Z	HB	378	proc=0 0	state=-	latched=none	lastlog=60s
2026-09-30T14:38:28Z	HB	379	proc=1 1	state=RR28@7s	latched=none	lastlog=6s
2026-09-30T14:39:29Z	HB	380	proc=0 0	state=-	latched=none	lastlog=55s
2026-09-30T14:40:29Z	HB	381	proc=0 0	state=-	latched=none	lastlog=60s
2026-09-30T14:41:30Z	HB	382	proc=0 0	state=-	latched=none	lastlog=31s
2026-09-30T14:42:30Z	HB	383	proc=0 0	state=-	latched=none	lastlog=60s
2026-09-30T14:43:31Z	HB	384	proc=0 0	state=-	latched=none	lastlog=60s
2026-09-30T14:44:31Z	HB	385	proc=0 0	state=-	latched=none	lastlog=23s
2026-09-30T14:45:32Z	HB	386	proc=0 0	state=-	latched=none	lastlog=60s
2026-09-30T14:46:32Z	HB	387	proc=0 0	state=-	latched=none	lastlog=60s
2026-09-30T14:47:33Z	HB	388	proc=0 0	state=-	latched=none	lastlog=60s
2026-09-30T14:48:33Z	HB	389	proc=0 0	state=-	latched=none	lastlog=60s
2026-09-30T14:49:34Z	HB	390	proc=0 0	state=-	latched=none	lastlog=60s
2026-09-30T14:50:35Z	HB	391	proc=0 0	state=-	latched=none	lastlog=60s
2026-09-30T14:50:35Z	REPORT	ticks=391	max_inflight_age=35s	latched=none	seq=0
2026-09-30T14:51:35Z	HB	392	proc=0 0	state=-	latched=none	lastlog=60s
2026-09-30T14:52:36Z	HB	393	proc=0 0	state=-	latched=none	lastlog=60s
2026-09-30T14:53:36Z	HB	394	proc=0 0	state=-	latched=none	lastlog=60s
2026-09-30T14:54:37Z	HB	395	proc=0 0	state=-	latched=none	lastlog=60s
2026-09-30T14:55:37Z	HB	396	proc=0 0	state=-	latched=none	lastlog=60s
2026-09-30T14:56:38Z	HB	397	proc=0 0	state=-	latched=none	lastlog=60s
2026-09-30T14:57:38Z	HB	398	proc=0 0	state=-	latched=none	lastlog=60s
2026-09-30T14:58:39Z	HB	399	proc=0 0	state=-	latched=none	lastlog=60s
2026-09-30T14:59:39Z	HB	400	proc=0 0	state=-	latched=none	lastlog=60s
2026-09-30T15:00:40Z	HB	401	proc=0 0	state=-	latched=none	lastlog=60s
2026-09-30T15:01:40Z	HB	402	proc=0 0	state=-	latched=none	lastlog=60s
2026-09-30T15:02:41Z	HB	403	proc=1 0	state=RR31@5s	latched=none	lastlog=4s
2026-09-30T15:03:42Z	HB	404	proc=0 0	state=-	latched=none	lastlog=20s
2026-09-30T15:04:42Z	HB	405	proc=0 0	state=-	latched=none	lastlog=60s
2026-09-30T15:05:43Z	HB	406	proc=0 0	state=-	latched=none	lastlog=60s
2026-09-30T15:06:43Z	HB	407	proc=0 0	state=-	latched=none	lastlog=60s
2026-09-30T15:07:44Z	HB	408	proc=0 0	state=-	latched=none	lastlog=60s
2026-09-30T15:08:44Z	HB	409	proc=0 0	state=-	latched=none	lastlog=60s
2026-09-30T15:09:45Z	HB	410	proc=0 0	state=-	latched=none	lastlog=60s
2026-09-30T15:10:45Z	HB	411	proc=0 0	state=-	latched=none	lastlog=60s
2026-09-30T15:11:46Z	HB	412	proc=0 0	state=-	latched=none	lastlog=60s
2026-09-30T15:12:46Z	HB	413	proc=0 0	state=-	latched=none	lastlog=60s
2026-09-30T15:13:47Z	HB	414	proc=1 1	state=RR32@17s	latched=none	lastlog=17s
2026-09-30T15:14:47Z	HB	415	proc=0 0	state=-	latched=none	lastlog=53s
2026-09-30T15:15:48Z	HB	416	proc=0 0	state=-	latched=none	lastlog=60s
2026-09-30T15:16:48Z	HB	417	proc=0 0	state=-	latched=none	lastlog=2s
2026-09-30T15:17:49Z	HB	418	proc=0 0	state=-	latched=none	lastlog=60s
2026-09-30T15:18:49Z	HB	419	proc=0 0	state=-	latched=none	lastlog=60s
2026-09-30T15:19:50Z	HB	420	proc=0 0	state=-	latched=none	lastlog=60s
2026-09-30T15:20:50Z	HB	421	proc=0 0	state=-	latched=none	lastlog=15s
2026-09-30T15:20:50Z	REPORT	ticks=421	max_inflight_age=17s	latched=none	seq=0
2026-09-30T15:21:51Z	HB	422	proc=0 0	state=-	latched=none	lastlog=61s
2026-09-30T15:22:51Z	HB	423	proc=0 0	state=-	latched=none	lastlog=60s
2026-09-30T15:23:52Z	HB	424	proc=0 0	state=-	latched=none	lastlog=60s
2026-09-30T15:24:52Z	HB	425	proc=0 0	state=-	latched=none	lastlog=60s
2026-09-30T15:25:53Z	HB	426	proc=0 0	state=-	latched=none	lastlog=60s
2026-09-30T15:26:53Z	HB	427	proc=0 0	state=-	latched=none	lastlog=60s
2026-09-30T15:27:54Z	HB	428	proc=1 1	state=RR35@21s	latched=none	lastlog=21s
2026-09-30T15:28:55Z	HB	429	proc=0 0	state=-	latched=none	lastlog=52s
2026-09-30T15:29:55Z	HB	430	proc=0 0	state=-	latched=none	lastlog=60s
2026-09-30T15:30:56Z	HB	431	proc=1 1	state=RR36@1s	latched=none	lastlog=1s
2026-09-30T15:31:56Z	HB	432	proc=0 0	state=-	latched=none	lastlog=49s
2026-09-30T15:32:57Z	HB	433	proc=0 0	state=-	latched=none	lastlog=60s
2026-09-30T15:33:57Z	HB	434	proc=0 0	state=-	latched=none	lastlog=60s
2026-09-30T15:34:58Z	HB	435	proc=0 0	state=-	latched=none	lastlog=60s
2026-09-30T15:35:58Z	HB	436	proc=0 0	state=-	latched=none	lastlog=60s
2026-09-30T15:50:03Z	HB	437	proc=0 0	state=-	latched=none	lastlog=845s
2026-09-30T15:51:04Z	HB	438	proc=0 0	state=-	latched=none	lastlog=60s
2026-09-30T15:51:04Z	REPORT	ticks=438	max_inflight_age=21s	latched=none	seq=0
2026-09-30T15:52:04Z	HB	439	proc=0 0	state=-	latched=none	lastlog=60s
2026-09-30T15:53:05Z	HB	440	proc=0 0	state=-	latched=none	lastlog=60s
2026-09-30T15:54:05Z	HB	441	proc=0 0	state=-	latched=none	lastlog=60s
2026-09-30T15:55:06Z	HB	442	proc=0 0	state=-	latched=none	lastlog=60s
2026-09-30T15:56:06Z	HB	443	proc=0 0	state=-	latched=none	lastlog=60s
2026-09-30T15:57:07Z	HB	444	proc=0 0	state=-	latched=none	lastlog=60s
2026-09-30T15:58:07Z	HB	445	proc=0 0	state=-	latched=none	lastlog=60s
2026-09-30T15:59:08Z	HB	446	proc=0 0	state=-	latched=none	lastlog=60s
2026-09-30T16:00:08Z	HB	447	proc=0 0	state=-	latched=none	lastlog=60s
2026-09-30T16:01:09Z	HB	448	proc=0 0	state=-	latched=none	lastlog=61s
2026-09-30T16:02:09Z	HB	449	proc=0 0	state=-	latched=none	lastlog=60s
2026-09-30T16:03:10Z	HB	450	proc=0 0	state=-	latched=none	lastlog=61s
2026-09-30T16:04:11Z	HB	451	proc=0 0	state=-	latched=none	lastlog=60s
2026-09-30T16:05:11Z	HB	452	proc=0 0	state=-	latched=none	lastlog=60s
2026-09-30T16:06:12Z	HB	453	proc=0 0	state=-	latched=none	lastlog=60s
2026-09-30T16:07:12Z	HB	454	proc=0 0	state=-	latched=none	lastlog=60s
2026-09-30T16:08:13Z	HB	455	proc=0 0	state=-	latched=none	lastlog=60s
2026-09-30T16:09:13Z	HB	456	proc=0 0	state=-	latched=none	lastlog=60s
2026-09-30T16:10:14Z	HB	457	proc=0 0	state=-	latched=none	lastlog=60s
2026-09-30T16:11:14Z	HB	458	proc=0 0	state=-	latched=none	lastlog=60s
2026-09-30T16:12:15Z	HB	459	proc=0 0	state=-	latched=none	lastlog=60s
2026-09-30T16:13:15Z	HB	460	proc=0 0	state=-	latched=none	lastlog=60s
2026-09-30T16:14:16Z	HB	461	proc=0 0	state=-	latched=none	lastlog=60s
2026-09-30T16:15:16Z	HB	462	proc=0 0	state=-	latched=none	lastlog=60s
2026-09-30T16:16:17Z	HB	463	proc=0 0	state=-	latched=none	lastlog=60s
2026-09-30T16:17:17Z	HB	464	proc=0 0	state=-	latched=none	lastlog=60s
2026-09-30T16:18:18Z	HB	465	proc=0 0	state=-	latched=none	lastlog=60s
2026-09-30T16:19:18Z	HB	466	proc=0 0	state=-	latched=none	lastlog=60s
2026-09-30T16:20:19Z	HB	467	proc=0 0	state=-	latched=none	lastlog=60s
2026-09-30T16:21:19Z	HB	468	proc=0 0	state=-	latched=none	lastlog=60s
2026-09-30T16:21:19Z	REPORT	ticks=468	max_inflight_age=0s	latched=none	seq=0
2026-09-30T16:22:20Z	HB	469	proc=0 0	state=-	latched=none	lastlog=60s
2026-09-30T16:23:21Z	HB	470	proc=0 0	state=-	latched=none	lastlog=60s
2026-09-30T16:24:21Z	HB	471	proc=0 0	state=-	latched=none	lastlog=60s
2026-09-30T16:25:22Z	HB	472	proc=0 0	state=-	latched=none	lastlog=60s
2026-09-30T16:26:22Z	HB	473	proc=0 0	state=-	latched=none	lastlog=60s
2026-09-30T16:27:23Z	HB	474	proc=0 0	state=-	latched=none	lastlog=60s
2026-09-30T16:28:23Z	HB	475	proc=0 0	state=-	latched=none	lastlog=60s
2026-09-30T16:29:24Z	HB	476	proc=0 0	state=-	latched=none	lastlog=60s
2026-09-30T16:30:24Z	HB	477	proc=0 0	state=-	latched=none	lastlog=60s
2026-09-30T16:31:25Z	HB	478	proc=0 0	state=-	latched=none	lastlog=60s
2026-09-30T16:32:25Z	HB	479	proc=0 0	state=-	latched=none	lastlog=60s
2026-09-30T16:33:26Z	HB	480	proc=0 0	state=-	latched=none	lastlog=60s
2026-09-30T16:34:26Z	HB	481	proc=0 0	state=-	latched=none	lastlog=60s
2026-09-30T16:35:27Z	HB	482	proc=0 0	state=-	latched=none	lastlog=60s
2026-09-30T16:36:27Z	HB	483	proc=0 0	state=-	latched=none	lastlog=60s
2026-09-30T16:37:28Z	HB	484	proc=0 0	state=-	latched=none	lastlog=60s
2026-09-30T16:38:28Z	HB	485	proc=0 0	state=-	latched=none	lastlog=60s
2026-09-30T16:39:29Z	HB	486	proc=0 0	state=-	latched=none	lastlog=60s
2026-09-30T16:40:29Z	HB	487	proc=0 0	state=-	latched=none	lastlog=60s
2026-09-30T18:44:25Z	HB	488	proc=0 0	state=-	latched=none	lastlog=7435s
2026-09-30T18:44:25Z	REPORT	ticks=488	max_inflight_age=0s	latched=none	seq=0
2026-09-30T18:45:25Z	HB	489	proc=0 0	state=-	latched=none	lastlog=60s
2026-09-30T18:46:26Z	HB	490	proc=0 0	state=-	latched=none	lastlog=60s
2026-09-30T18:47:26Z	HB	491	proc=0 0	state=-	latched=none	lastlog=60s
2026-09-30T18:48:27Z	HB	492	proc=1 1	state=RR37@1790792069s	latched=none	lastlog=23s
2026-09-30T18:49:28Z	HB	493	proc=0 0	state=RR37@1790792130s	latched=none	lastlog=18s
2026-09-30T18:50:29Z	HB	494	proc=0 0	state=RR37@1790792191s	latched=none	lastlog=60s
2026-09-30T18:51:29Z	HB	495	proc=0 0	state=RR38@1790792252s	latched=none	lastlog=24s
2026-09-30T18:52:30Z	HB	496	proc=0 0	state=RR38@1790792312s	latched=none	lastlog=60s
2026-09-30T18:53:31Z	HB	497	proc=0 0	state=RR38@1790792373s	latched=none	lastlog=60s
2026-09-30T18:54:31Z	HB	498	proc=0 0	state=RR38@1790792434s	latched=none	lastlog=60s
2026-09-30T18:55:32Z	HB	499	proc=0 0	state=RR38@1790792494s	latched=none	lastlog=60s
2026-09-30T18:56:33Z	HB	500	proc=0 0	state=RR38@1790792555s	latched=none	lastlog=60s
2026-09-30T18:57:33Z	HB	501	proc=0 0	state=RR38@1790792616s	latched=none	lastlog=60s
2026-09-30T18:58:34Z	HB	502	proc=0 0	state=RR38@1790792676s	latched=none	lastlog=60s
2026-09-30T18:59:35Z	HB	503	proc=0 0	state=RR38@1790792737s	latched=none	lastlog=60s
2026-09-30T19:00:35Z	HB	504	proc=0 0	state=RR38@1790792798s	latched=none	lastlog=60s
2026-09-30T19:01:36Z	HB	505	proc=0 0	state=RR38@1790792858s	latched=none	lastlog=60s
2026-09-30T19:02:36Z	HB	506	proc=0 0	state=RR38@1790792919s	latched=none	lastlog=60s
2026-09-30T19:03:37Z	HB	507	proc=0 0	state=RR38@1790792980s	latched=none	lastlog=61s
2026-09-30T19:04:38Z	HB	508	proc=0 0	state=RR38@1790793040s	latched=none	lastlog=60s
2026-09-30T19:05:39Z	HB	509	proc=0 0	state=RR38@1790793101s	latched=none	lastlog=60s
2026-09-30T19:06:39Z	HB	510	proc=0 0	state=RR38@1790793162s	latched=none	lastlog=60s
2026-09-30T19:07:40Z	HB	511	proc=1 1	state=RR39@1790793222s	latched=none	lastlog=13s
2026-09-30T19:08:41Z	HB	512	proc=0 0	state=RR39@1790793283s	latched=none	lastlog=24s
2026-09-30T19:09:41Z	HB	513	proc=0 0	state=RR39@1790793344s	latched=none	lastlog=60s
2026-09-30T19:10:42Z	HB	514	proc=0 0	state=RR39@1790793404s	latched=none	lastlog=60s
2026-09-30T19:11:43Z	HB	515	proc=0 0	state=RR40@1790793465s	latched=none	lastlog=21s
