=== final gate (2026-09-28): #print axioms on L7_bo_de_7 and every declaration of L7-FRAG-02..06. ===
'L7.L7_bo_de_7' depends on axioms: [propext, Classical.choice, Quot.sound]
'L7.L7F2_step_S0' depends on axioms: [propext, Classical.choice, Quot.sound]
'L7.L7F2_step_S1' depends on axioms: [propext, Quot.sound]
'L7.L7F2_step_S2' depends on axioms: [propext]
'L7.L7F2_step_S3' depends on axioms: [propext, Classical.choice, Quot.sound]
'L7.L7F2_step_S4' depends on axioms: [propext, Classical.choice, Quot.sound]
'L7.L7F3_five_c' depends on axioms: [propext, Classical.choice, Quot.sound]
'L7.L7F3_five_d_cube' depends on axioms: [propext, Classical.choice, Quot.sound]
'L7.L7F3_step_S5' depends on axioms: [propext, Classical.choice, Quot.sound]
'L7.L7F3_step_S6' depends on axioms: [propext, Classical.choice, Quot.sound]
'L7.L7F3_step_S7' depends on axioms: [propext, Classical.choice, Quot.sound]
'L7.L7F3_step_S8_S9' depends on axioms: [propext, Classical.choice, Quot.sound]
'L7.L7F3_chain_ab' depends on axioms: [propext, Classical.choice, Quot.sound]
'L7.L7F3_step_S10' depends on axioms: [propext, Classical.choice, Quot.sound]
'L7.L7F3_step_S11' depends on axioms: [propext, Classical.choice, Quot.sound]
'L7.L7F4_sum_chain' depends on axioms: [propext, Classical.choice, Quot.sound]
'L7.L7F4_step_S12' depends on axioms: [propext, Classical.choice, Quot.sound]
'L7.L7F4_step_S13' depends on axioms: [propext, Classical.choice, Quot.sound]
'L7.L7F4_step_S14' depends on axioms: [propext, Classical.choice, Quot.sound]
'L7.L7F5_step_S15' depends on axioms: [propext, Quot.sound]
'L7.L7F5_step_S16' depends on axioms: [propext, Classical.choice, Quot.sound]
'L7.L7F5_step_S17' depends on axioms: [propext, Classical.choice, Quot.sound]
'L7.L7F6_step_S18' depends on axioms: [propext, Classical.choice, Quot.sound]
'L7.L7F6_step_S19' depends on axioms: [propext, Classical.choice, Quot.sound]
'L7.L7F6_step_S20' depends on axioms: [propext, Classical.choice, Quot.sound]
'L7.L7F6_step_S21' depends on axioms: [propext, Classical.choice, Quot.sound]
EXIT=0
