Try this:
  [apply] ring_nf
  
  The `ring` tactic failed to close the goal. Use `ring_nf` to obtain a normal form.
    
  Note that `ring` works primarily in *commutative* rings. If you have a noncommutative ring, abelian group or module, consider using `noncomm_ring`, `abel` or `module` instead.
M1F4/Basic.lean:456:81: error: unsolved goals
n s : ℕ
h b a c k : ℤ
hA1 :
  ∑ i ∈ Finset.Ico 4 n,
      (-1) ^ 0 * ↑((n - 1 - i).choose 0) * ↑(i.choose 4) * h ^ (n - 1 - i) * b ^ (n * (i - 4)) *
        (↑n ^ s * a * b * c * k) ^ 4 =
    ∑ i ∈ Finset.Ico 4 n,
      ↑(i * (i - 1) * (i - 2) * (i - 3) / 24) * h ^ (n - 1 - i) * b ^ (n * (i - 4)) * (↑n ^ s * a * b * c * k) ^ 4
i : ℕ
x✝ : i ∈ Finset.Ico 0 (n - 4)
⊢ ↑((n - 1 - i) * (n - 1 - i - 1) * (n - 1 - i - 2) * (n - 1 - i - 3) / 24) * h ^ (n - 5 - i) * b ^ 4 * b ^ (n * i) *
            ↑n ^ (s * 4) *
          a ^ 4 *
        c ^ 4 *
      k ^ 4 =
    h ^ (n - 5 - i) * b ^ 4 * b ^ (n * i) * ↑n ^ (s * 4) * a ^ 4 * c ^ 4 * k ^ 4 *
      ↑((n - 1 - i) * (n - 2 - i) * (n - 3 - i) * (n - 4 - i) / 24)
Try this:
  [apply] ring_nf
  
  The `ring` tactic failed to close the goal. Use `ring_nf` to obtain a normal form.
    
  Note that `ring` works primarily in *commutative* rings. If you have a noncommutative ring, abelian group or module, consider using `noncomm_ring`, `abel` or `module` instead.
M1F4/Basic.lean:465:87: error: unsolved goals
n s : ℕ
h b a c k : ℤ
hA1 :
  ∑ i ∈ Finset.Ico 4 n,
      (-1) ^ 0 * ↑((n - 1 - i).choose 0) * ↑(i.choose 4) * h ^ (n - 1 - i) * b ^ (n * (i - 4)) *
        (↑n ^ s * a * b * c * k) ^ 4 =
    ∑ i ∈ Finset.Ico 4 n,
      ↑(i * (i - 1) * (i - 2) * (i - 3) / 24) * h ^ (n - 1 - i) * b ^ (n * (i - 4)) * (↑n ^ s * a * b * c * k) ^ 4
hA2 :
  ∑ i ∈ Finset.Ico 0 (n - 4),
      (-1) ^ 4 * ↑((n - 1 - i).choose 4) * ↑(i.choose 0) * h ^ (n - 5 - i) * b ^ (n * i) *
        (↑n ^ s * a * b * c * k) ^ 4 =
    ∑ i ∈ Finset.Ico 0 (n - 4),
      ↑((n - 1 - i) * (n - 2 - i) * (n - 3 - i) * (n - 4 - i) / 24) * h ^ (n - 5 - i) * b ^ (n * i) *
        (↑n ^ s * a * b * c * k) ^ 4
i : ℕ
x✝ : i ∈ Finset.Ico 1 (n - 3)
⊢ -(↑((n - 1 - i) * (n - 1 - i - 1) * (n - 1 - i - 2) / 6) * ↑i * h ^ (n - 4 - i) * b ^ 4 * b ^ (n * (i - 1)) *
              ↑n ^ (s * 4) *
            a ^ 4 *
          c ^ 4 *
        k ^ 4) =
    -(↑i * h ^ (n - 4 - i) * b ^ 4 * b ^ (n * (i - 1)) * ↑n ^ (s * 4) * a ^ 4 * c ^ 4 * k ^ 4 *
        ↑((n - 1 - i) * (n - 2 - i) * (n - 3 - i) / 6))
Try this:
  [apply] ring_nf
  
  The `ring` tactic failed to close the goal. Use `ring_nf` to obtain a normal form.
    
  Note that `ring` works primarily in *commutative* rings. If you have a noncommutative ring, abelian group or module, consider using `noncomm_ring`, `abel` or `module` instead.
M1F4/Basic.lean:473:87: error: unsolved goals
n s : ℕ
h b a c k : ℤ
hA1 :
  ∑ i ∈ Finset.Ico 4 n,
      (-1) ^ 0 * ↑((n - 1 - i).choose 0) * ↑(i.choose 4) * h ^ (n - 1 - i) * b ^ (n * (i - 4)) *
        (↑n ^ s * a * b * c * k) ^ 4 =
    ∑ i ∈ Finset.Ico 4 n,
      ↑(i * (i - 1) * (i - 2) * (i - 3) / 24) * h ^ (n - 1 - i) * b ^ (n * (i - 4)) * (↑n ^ s * a * b * c * k) ^ 4
hA2 :
  ∑ i ∈ Finset.Ico 0 (n - 4),
      (-1) ^ 4 * ↑((n - 1 - i).choose 4) * ↑(i.choose 0) * h ^ (n - 5 - i) * b ^ (n * i) *
        (↑n ^ s * a * b * c * k) ^ 4 =
    ∑ i ∈ Finset.Ico 0 (n - 4),
      ↑((n - 1 - i) * (n - 2 - i) * (n - 3 - i) * (n - 4 - i) / 24) * h ^ (n - 5 - i) * b ^ (n * i) *
        (↑n ^ s * a * b * c * k) ^ 4
hA3 :
  ∑ i ∈ Finset.Ico 1 (n - 3),
      (-1) ^ 3 * ↑((n - 1 - i).choose 3) * ↑(i.choose 1) * h ^ (n - 4 - i) * b ^ (n * (i - 1)) *
        (↑n ^ s * a * b * c * k) ^ 4 =
    ∑ i ∈ Finset.Ico 1 (n - 3),
      -↑((n - 1 - i) * (n - 2 - i) * (n - 3 - i) / 6) * ↑i * h ^ (n - 4 - i) * b ^ (n * (i - 1)) *
        (↑n ^ s * a * b * c * k) ^ 4
i : ℕ
x✝ : i ∈ Finset.Ico 3 (n - 1)
⊢ -(↑(n - 1 - i) * ↑(i * (i - 1) * (i - 2) / 6) * h ^ (n - 2 - i) * b ^ 4 * b ^ (n * (i - 3)) * ↑n ^ (s * 4) * a ^ 4 *
          c ^ 4 *
        k ^ 4) =
    -(↑(i * (i - 1) * (i - 2) / 6) * h ^ (n - 2 - i) * b ^ 4 * b ^ (n * (i - 3)) * ↑n * ↑n ^ (s * 4) * a ^ 4 * c ^ 4 *
            k ^ 4) +
        ↑(i * (i - 1) * (i - 2) / 6) * h ^ (n - 2 - i) * b ^ 4 * b ^ (n * (i - 3)) * ↑n ^ (s * 4) * a ^ 4 * c ^ 4 *
          k ^ 4 +
      ↑(i * (i - 1) * (i - 2) / 6) * h ^ (n - 2 - i) * b ^ 4 * b ^ (n * (i - 3)) * ↑n ^ (s * 4) * a ^ 4 * c ^ 4 *
          k ^ 4 *
        ↑i
Try this:
  [apply] ring_nf
  
  The `ring` tactic failed to close the goal. Use `ring_nf` to obtain a normal form.
    
  Note that `ring` works primarily in *commutative* rings. If you have a noncommutative ring, abelian group or module, consider using `noncomm_ring`, `abel` or `module` instead.
M1F4/Basic.lean:482:87: error: unsolved goals
n s : ℕ
h b a c k : ℤ
hA1 :
  ∑ i ∈ Finset.Ico 4 n,
      (-1) ^ 0 * ↑((n - 1 - i).choose 0) * ↑(i.choose 4) * h ^ (n - 1 - i) * b ^ (n * (i - 4)) *
        (↑n ^ s * a * b * c * k) ^ 4 =
    ∑ i ∈ Finset.Ico 4 n,
      ↑(i * (i - 1) * (i - 2) * (i - 3) / 24) * h ^ (n - 1 - i) * b ^ (n * (i - 4)) * (↑n ^ s * a * b * c * k) ^ 4
hA2 :
  ∑ i ∈ Finset.Ico 0 (n - 4),
      (-1) ^ 4 * ↑((n - 1 - i).choose 4) * ↑(i.choose 0) * h ^ (n - 5 - i) * b ^ (n * i) *
        (↑n ^ s * a * b * c * k) ^ 4 =
    ∑ i ∈ Finset.Ico 0 (n - 4),
      ↑((n - 1 - i) * (n - 2 - i) * (n - 3 - i) * (n - 4 - i) / 24) * h ^ (n - 5 - i) * b ^ (n * i) *
        (↑n ^ s * a * b * c * k) ^ 4
hA3 :
  ∑ i ∈ Finset.Ico 1 (n - 3),
      (-1) ^ 3 * ↑((n - 1 - i).choose 3) * ↑(i.choose 1) * h ^ (n - 4 - i) * b ^ (n * (i - 1)) *
        (↑n ^ s * a * b * c * k) ^ 4 =
    ∑ i ∈ Finset.Ico 1 (n - 3),
      -↑((n - 1 - i) * (n - 2 - i) * (n - 3 - i) / 6) * ↑i * h ^ (n - 4 - i) * b ^ (n * (i - 1)) *
        (↑n ^ s * a * b * c * k) ^ 4
hA4 :
  ∑ i ∈ Finset.Ico 3 (n - 1),
      (-1) ^ 1 * ↑((n - 1 - i).choose 1) * ↑(i.choose 3) * h ^ (n - 2 - i) * b ^ (n * (i - 3)) *
        (↑n ^ s * a * b * c * k) ^ 4 =
    ∑ i ∈ Finset.Ico 3 (n - 1),
      ↑(i * (i - 1) * (i - 2) / 6) * -(↑n - 1 - ↑i) * h ^ (n - 2 - i) * b ^ (n * (i - 3)) * (↑n ^ s * a * b * c * k) ^ 4
i : ℕ
x✝ : i ∈ Finset.Ico 2 (n - 2)
⊢ ↑((n - 1 - i) * (n - 1 - i - 1) / 2) * ↑(i * (i - 1) / 2) * h ^ (n - 3 - i) * b ^ 4 * b ^ (n * (i - 2)) *
            ↑n ^ (s * 4) *
          a ^ 4 *
        c ^ 4 *
      k ^ 4 =
    ↑(i * (i - 1) / 2) * h ^ (n - 3 - i) * b ^ 4 * b ^ (n * (i - 2)) * ↑n ^ (s * 4) * a ^ 4 * c ^ 4 * k ^ 4 *
      ↑((n - 1 - i) * (n - 2 - i) / 2)
'M1F4.M1F4_step_S0_triple' depends on axioms: [propext, Classical.choice, Quot.sound]
'M1F4.M1F4_step_S1_binomial' depends on axioms: [propext, Classical.choice, Quot.sound]
'M1F4.M1F4_sum_complement' depends on axioms: [propext, Classical.choice, Quot.sound]
'M1F4.M1F4_reindex' depends on axioms: [propext, Classical.choice, Quot.sound]
'M1F4.M1F4_step_S2_split' depends on axioms: [propext, Classical.choice, Quot.sound]
'M1F4.M1F4_step_S3_tail' depends on axioms: [propext, Classical.choice, Quot.sound]
