@Finset.sigma : {ι : Type u_1} → {α : ι → Type u_2} → Finset ι → ((i : ι) → Finset (α i)) → Finset ((i : ι) × α i)
@Finset.sum_sigma : ∀ {α : Type u_1} {β : Type u_2} [inst : AddCommMonoid β] {σ : α → Type u_3} (s : Finset α)
  (t : (a : α) → Finset (σ a)) (f : Sigma σ → β), ∑ x ∈ s.sigma t, f x = ∑ a ∈ s, ∑ s ∈ t a, f ⟨a, s⟩
@Finset.sum_sigma' : ∀ {α : Type u_1} {β : Type u_2} [inst : AddCommMonoid β] {σ : α → Type u_3} (s : Finset α)
  (t : (a : α) → Finset (σ a)) (f : (a : α) → σ a → β), ∑ a ∈ s, ∑ s ∈ t a, f a s = ∑ x ∈ s.sigma t, f x.fst x.snd
@Finset.mem_sigma : ∀ {ι : Type u_1} {α : ι → Type u_2} {s : Finset ι} {t : (i : ι) → Finset (α i)} {a : (i : ι) × α i},
  a ∈ s.sigma t ↔ a.fst ∈ s ∧ a.snd ∈ t a.fst
@Finset.sum_bij : ∀ {ι : Type u_1} {κ : Type u_2} {M : Type u_3} [inst : AddCommMonoid M] {s : Finset ι} {t : Finset κ}
  {f : ι → M} {g : κ → M} (i : (a : ι) → a ∈ s → κ),
  (∀ (a : ι) (ha : a ∈ s), i a ha ∈ t) →
    (∀ (a₁ : ι) (ha₁ : a₁ ∈ s) (a₂ : ι) (ha₂ : a₂ ∈ s), i a₁ ha₁ = i a₂ ha₂ → a₁ = a₂) →
      (∀ b ∈ t, ∃ a, ∃ (ha : a ∈ s), i a ha = b) →
        (∀ (a : ι) (ha : a ∈ s), f a = g (i a ha)) → ∑ x ∈ s, f x = ∑ x ∈ t, g x
@Finset.sum_bij' : ∀ {ι : Type u_1} {κ : Type u_2} {M : Type u_3} [inst : AddCommMonoid M] {s : Finset ι} {t : Finset κ}
  {f : ι → M} {g : κ → M} (i : (a : ι) → a ∈ s → κ) (j : (a : κ) → a ∈ t → ι) (hi : ∀ (a : ι) (ha : a ∈ s), i a ha ∈ t)
  (hj : ∀ (a : κ) (ha : a ∈ t), j a ha ∈ s),
  (∀ (a : ι) (ha : a ∈ s), j (i a ha) ⋯ = a) →
    (∀ (a : κ) (ha : a ∈ t), i (j a ha) ⋯ = a) →
      (∀ (a : ι) (ha : a ∈ s), f a = g (i a ha)) → ∑ x ∈ s, f x = ∑ x ∈ t, g x
@Finset.sum_nbij : ∀ {ι : Type u_1} {κ : Type u_2} {M : Type u_3} [inst : AddCommMonoid M] {s : Finset ι} {t : Finset κ}
  {f : ι → M} {g : κ → M} (i : ι → κ),
  (∀ a ∈ s, i a ∈ t) → Set.InjOn i ↑s → Set.SurjOn i ↑s ↑t → (∀ a ∈ s, f a = g (i a)) → ∑ x ∈ s, f x = ∑ x ∈ t, g x
@Finset.sum_nbij' : ∀ {ι : Type u_1} {κ : Type u_2} {M : Type u_3} [inst : AddCommMonoid M] {s : Finset ι}
  {t : Finset κ} {f : ι → M} {g : κ → M} (i : ι → κ) (j : κ → ι),
  (∀ a ∈ s, i a ∈ t) →
    (∀ a ∈ t, j a ∈ s) →
      (∀ a ∈ s, j (i a) = a) → (∀ a ∈ t, i (j a) = a) → (∀ a ∈ s, f a = g (i a)) → ∑ x ∈ s, f x = ∑ x ∈ t, g x
@Finset.sum_equiv : ∀ {ι : Type u_1} {κ : Type u_2} {M : Type u_3} [inst : AddCommMonoid M] {s : Finset ι}
  {t : Finset κ} {f : ι → M} {g : κ → M} (e : ι ≃ κ),
  (∀ (i : ι), i ∈ s ↔ e i ∈ t) → (∀ i ∈ s, f i = g (e i)) → ∑ i ∈ s, f i = ∑ i ∈ t, g i
@Finset.sum_filter : ∀ {ι : Type u_1} {M : Type u_2} {s : Finset ι} [inst : AddCommMonoid M] (p : ι → Prop)
  [inst_1 : DecidablePred p] (f : ι → M), ∑ a ∈ s with p a, f a = ∑ a ∈ s, if p a then f a else 0
@Finset.sum_filter_of_ne : ∀ {ι : Type u_1} {M : Type u_2} {s : Finset ι} [inst : AddCommMonoid M] {f : ι → M}
  {p : ι → Prop} [inst_1 : DecidablePred p], (∀ x ∈ s, f x ≠ 0 → p x) → ∑ x ∈ s with p x, f x = ∑ x ∈ s, f x
@Finset.sum_ite : ∀ {ι : Type u_1} {M : Type u_2} [inst : AddCommMonoid M] {s : Finset ι} {p : ι → Prop}
  [inst_1 : DecidablePred p] (f g : ι → M),
  (∑ x ∈ s, if p x then f x else g x) = ∑ x ∈ s with p x, f x + ∑ x ∈ s with ¬p x, g x
@Finset.sum_ite_eq : ∀ {ι : Type u_1} {M : Type u_2} [inst : AddCommMonoid M] [inst_1 : DecidableEq ι] (s : Finset ι)
  (a : ι) (b : ι → M), (∑ x ∈ s, if a = x then b x else 0) = if a ∈ s then b a else 0
@Finset.sum_ite_eq' : ∀ {ι : Type u_1} {M : Type u_2} [inst : AddCommMonoid M] [inst_1 : DecidableEq ι] (s : Finset ι)
  (a : ι) (b : ι → M), (∑ x ∈ s, if x = a then b x else 0) = if a ∈ s then b a else 0
@Finset.sum_boole : ∀ {ι : Type u_1} {R : Type u_2} [inst : AddCommMonoidWithOne R] (p : ι → Prop)
  [inst_1 : DecidablePred p] (s : Finset ι), (∑ x ∈ s, if p x then 1 else 0) = ↑{x ∈ s | p x}.card
@Finset.sum_comm : ∀ {α : Type u_1} {β : Type u_2} {γ : Type u_3} [inst : AddCommMonoid β] {s : Finset γ} {t : Finset α}
  {f : γ → α → β}, ∑ x ∈ s, ∑ y ∈ t, f x y = ∑ y ∈ t, ∑ x ∈ s, f x y
@Finset.sum_product : ∀ {α : Type u_1} {β : Type u_2} {γ : Type u_3} [inst : AddCommMonoid β] (s : Finset γ)
  (t : Finset α) (f : γ × α → β), ∑ x ∈ s ×ˢ t, f x = ∑ x ∈ s, ∑ y ∈ t, f (x, y)
@Finset.sum_subset : ∀ {ι : Type u_1} {M : Type u_2} {s₁ s₂ : Finset ι} [inst : AddCommMonoid M] {f : ι → M},
  s₁ ⊆ s₂ → (∀ x ∈ s₂, x ∉ s₁ → f x = 0) → ∑ x ∈ s₁, f x = ∑ x ∈ s₂, f x
@Finset.sum_subset_zero_on_sdiff : ∀ {ι : Type u_1} {M : Type u_2} {s₁ s₂ : Finset ι} [inst : AddCommMonoid M]
  {f g : ι → M} [inst_1 : DecidableEq ι],
  s₁ ⊆ s₂ → (∀ x ∈ s₂ \ s₁, g x = 0) → (∀ x ∈ s₁, f x = g x) → ∑ i ∈ s₁, f i = ∑ i ∈ s₂, g i
@Finset.sum_congr : ∀ {ι : Type u_1} {M : Type u_2} {s₁ s₂ : Finset ι} [inst : AddCommMonoid M] {f g : ι → M},
  s₁ = s₂ → (∀ x ∈ s₂, f x = g x) → s₁.sum f = s₂.sum g
Finset.range_eq_Ico : ∀ (a : ℕ), Finset.range a = Finset.Ico 0 a
@Finset.sum_Ico_eq_sum_range : ∀ {M : Type u_1} [inst : AddCommMonoid M] (f : ℕ → M) (m n : ℕ),
  ∑ k ∈ Finset.Ico m n, f k = ∑ k ∈ Finset.range (n - m), f (m + k)
@Finset.sum_range_succ : ∀ {M : Type u_1} [inst : AddCommMonoid M] (f : ℕ → M) (n : ℕ),
  ∑ x ∈ Finset.range (n + 1), f x = ∑ x ∈ Finset.range n, f x + f n
@Finset.sum_Ico_succ_top : ∀ {M : Type u_1} [inst : AddCommMonoid M] {a b : ℕ},
  a ≤ b → ∀ (f : ℕ → M), ∑ k ∈ Finset.Ico a (b + 1), f k = ∑ k ∈ Finset.Ico a b, f k + f b
@Finset.sum_range_add_sum_Ico : ∀ {M : Type u_1} [inst : AddCommMonoid M] (f : ℕ → M) {m n : ℕ},
  m ≤ n → ∑ k ∈ Finset.range m, f k + ∑ k ∈ Finset.Ico m n, f k = ∑ k ∈ Finset.range n, f k
@Finset.mem_Ico : ∀ {α : Type u_1} [inst : Preorder α] [inst_1 : LocallyFiniteOrder α] {a b x : α},
  x ∈ Finset.Ico a b ↔ a ≤ x ∧ x < b
@Finset.mem_range : ∀ {n m : ℕ}, m ∈ Finset.range n ↔ m < n
@Nat.lt_iff_add_one_le : ∀ {m n : ℕ}, m < n ↔ m + 1 ≤ n
probes/M1F4-reindex.probe.lean:41:8: error(lean.unknownIdentifier): Unknown constant `Nat.add_lt_iff_lt_sub`
@Nat.le_sub_iff_add_le : ∀ {k m n : ℕ}, k ≤ m → (n ≤ m - k ↔ n + k ≤ m)
@Nat.sub_le_sub_left : ∀ {n m : ℕ}, n ≤ m → ∀ (k : ℕ), k - m ≤ k - n
@Nat.lt_sub_iff_add_lt : ∀ {a b c : ℕ}, a < c - b ↔ a + b < c
@Nat.sub_lt_sub_left : ∀ {k m n : ℕ}, k < m → k < n → m - n < m - k
